[    0.000000] Linux version 4.15.0-212-generic (buildd@lcy02-amd64-083) (gcc version 7.5.0 (Ubuntu 7.5.0-3ubuntu1~18.04)) #223-Ubuntu SMP Tue May 23 13:09:22 UTC 2023 (Ubuntu 4.15.0-212.223-generic 4.15.18)
[    0.000000] Command line: BOOT_IMAGE=/boot/vmlinuz-4.15.0-212-generic root=LABEL=cloudimg-rootfs ro console=tty1 console=ttyS0
[    0.000000] KERNEL supported cpus:
[    0.000000]   Intel GenuineIntel
[    0.000000]   AMD AuthenticAMD
[    0.000000]   Centaur CentaurHauls
[    0.000000] x86/fpu: Supporting XSAVE feature 0x001: 'x87 floating point registers'
[    0.000000] x86/fpu: Supporting XSAVE feature 0x002: 'SSE registers'
[    0.000000] x86/fpu: Supporting XSAVE feature 0x004: 'AVX registers'
[    0.000000] x86/fpu: xstate_offset[2]:  576, xstate_sizes[2]:  256
[    0.000000] x86/fpu: Enabled xstate features 0x7, context size is 832 bytes, using 'standard' format.
[    0.000000] e820: BIOS-provided physical RAM map:
[    0.000000] BIOS-e820: [mem 0x0000000000000000-0x000000000009fbff] usable
[    0.000000] BIOS-e820: [mem 0x000000000009fc00-0x000000000009ffff] reserved
[    0.000000] BIOS-e820: [mem 0x00000000000f0000-0x00000000000fffff] reserved
[    0.000000] BIOS-e820: [mem 0x0000000000100000-0x00000000dffeffff] usable
[    0.000000] BIOS-e820: [mem 0x00000000dfff0000-0x00000000dfffffff] ACPI data
[    0.000000] BIOS-e820: [mem 0x00000000fec00000-0x00000000fec00fff] reserved
[    0.000000] BIOS-e820: [mem 0x00000000fee00000-0x00000000fee00fff] reserved
[    0.000000] BIOS-e820: [mem 0x00000000fffc0000-0x00000000ffffffff] reserved
[    0.000000] BIOS-e820: [mem 0x0000000100000000-0x000000011fffffff] usable
[    0.000000] NX (Execute Disable) protection: active
[    0.000000] SMBIOS 2.5 present.
[    0.000000] DMI: innotek GmbH VirtualBox/VirtualBox, BIOS VirtualBox 12/01/2006
[    0.000000] Hypervisor detected: KVM
[    0.000000] e820: last_pfn = 0x120000 max_arch_pfn = 0x400000000
[    0.000000] MTRR: Disabled
[    0.000000] x86/PAT: MTRRs disabled, skipping PAT initialization too.
[    0.000000] CPU MTRRs all blank - virtualized system.
[    0.000000] x86/PAT: Configuration [0-7]: WB  WT  UC- UC  WB  WT  UC- UC  
[    0.000000] e820: last_pfn = 0xdfff0 max_arch_pfn = 0x400000000
[    0.000000] found SMP MP-table at [mem 0x0009fff0-0x0009ffff]
[    0.000000] Scanning 1 areas for low memory corruption
[    0.000000] RAMDISK: [mem 0x359cb000-0x36cdcfff]
[    0.000000] ACPI: Early table checksum verification disabled
[    0.000000] ACPI: RSDP 0x00000000000E0000 000024 (v02 VBOX  )
[    0.000000] ACPI: XSDT 0x00000000DFFF0030 00003C (v01 VBOX   VBOXXSDT 00000001 ASL  00000061)
[    0.000000] ACPI: FACP 0x00000000DFFF00F0 0000F4 (v04 VBOX   VBOXFACP 00000001 ASL  00000061)
[    0.000000] ACPI: DSDT 0x00000000DFFF0470 002325 (v02 VBOX   VBOXBIOS 00000002 INTL 20200925)
[    0.000000] ACPI: FACS 0x00000000DFFF0200 000040
[    0.000000] ACPI: FACS 0x00000000DFFF0200 000040
[    0.000000] ACPI: APIC 0x00000000DFFF0240 00005C (v02 VBOX   VBOXAPIC 00000001 ASL  00000061)
[    0.000000] ACPI: SSDT 0x00000000DFFF02A0 0001CC (v01 VBOX   VBOXCPUT 00000002 INTL 20200925)
[    0.000000] ACPI: Reserving FACP table memory at [mem 0xdfff00f0-0xdfff01e3]
[    0.000000] ACPI: Reserving DSDT table memory at [mem 0xdfff0470-0xdfff2794]
[    0.000000] ACPI: Reserving FACS table memory at [mem 0xdfff0200-0xdfff023f]
[    0.000000] ACPI: Reserving FACS table memory at [mem 0xdfff0200-0xdfff023f]
[    0.000000] ACPI: Reserving APIC table memory at [mem 0xdfff0240-0xdfff029b]
[    0.000000] ACPI: Reserving SSDT table memory at [mem 0xdfff02a0-0xdfff046b]
[    0.000000] No NUMA configuration found
[    0.000000] Faking a node at [mem 0x0000000000000000-0x000000011fffffff]
[    0.000000] NODE_DATA(0) allocated [mem 0x11ffd1000-0x11fffbfff]
[    0.000000] kvm-clock: cpu 0, msr 1:1ff50001, primary cpu clock
[    0.000000] kvm-clock: Using msrs 4b564d01 and 4b564d00
[    0.000000] kvm-clock: using sched offset of 4087008672 cycles
[    0.000000] clocksource: kvm-clock: mask: 0xffffffffffffffff max_cycles: 0x1cd42e4dffb, max_idle_ns: 881590591483 ns
[    0.000000] Zone ranges:
[    0.000000]   DMA      [mem 0x0000000000001000-0x0000000000ffffff]
[    0.000000]   DMA32    [mem 0x0000000001000000-0x00000000ffffffff]
[    0.000000]   Normal   [mem 0x0000000100000000-0x000000011fffffff]
[    0.000000]   Device   empty
[    0.000000] Movable zone start for each node
[    0.000000] Early memory node ranges
[    0.000000]   node   0: [mem 0x0000000000001000-0x000000000009efff]
[    0.000000]   node   0: [mem 0x0000000000100000-0x00000000dffeffff]
[    0.000000]   node   0: [mem 0x0000000100000000-0x000000011fffffff]
[    0.000000] Reserved but unavailable: 104 pages
[    0.000000] Initmem setup node 0 [mem 0x0000000000001000-0x000000011fffffff]
[    0.000000] ACPI: PM-Timer IO Port: 0x4008
[    0.000000] IOAPIC[0]: apic_id 2, version 32, address 0xfec00000, GSI 0-23
[    0.000000] ACPI: INT_SRC_OVR (bus 0 bus_irq 0 global_irq 2 dfl dfl)
[    0.000000] ACPI: INT_SRC_OVR (bus 0 bus_irq 9 global_irq 9 low level)
[    0.000000] Using ACPI (MADT) for SMP configuration information
[    0.000000] smpboot: Allowing 2 CPUs, 0 hotplug CPUs
[    0.000000] PM: Registered nosave memory: [mem 0x00000000-0x00000fff]
[    0.000000] PM: Registered nosave memory: [mem 0x0009f000-0x0009ffff]
[    0.000000] PM: Registered nosave memory: [mem 0x000a0000-0x000effff]
[    0.000000] PM: Registered nosave memory: [mem 0x000f0000-0x000fffff]
[    0.000000] PM: Registered nosave memory: [mem 0xdfff0000-0xdfffffff]
[    0.000000] PM: Registered nosave memory: [mem 0xe0000000-0xfebfffff]
[    0.000000] PM: Registered nosave memory: [mem 0xfec00000-0xfec00fff]
[    0.000000] PM: Registered nosave memory: [mem 0xfec01000-0xfedfffff]
[    0.000000] PM: Registered nosave memory: [mem 0xfee00000-0xfee00fff]
[    0.000000] PM: Registered nosave memory: [mem 0xfee01000-0xfffbffff]
[    0.000000] PM: Registered nosave memory: [mem 0xfffc0000-0xffffffff]
[    0.000000] e820: [mem 0xe0000000-0xfebfffff] available for PCI devices
[    0.000000] Booting paravirtualized kernel on KVM
[    0.000000] clocksource: refined-jiffies: mask: 0xffffffff max_cycles: 0xffffffff, max_idle_ns: 7645519600211568 ns
[    0.000000] setup_percpu: NR_CPUS:8192 nr_cpumask_bits:2 nr_cpu_ids:2 nr_node_ids:1
[    0.000000] percpu: Embedded 50 pages/cpu s167936 r8192 d28672 u1048576
[    0.000000] PV qspinlock hash table entries: 256 (order: 0, 4096 bytes)
[    0.000000] Built 1 zonelists, mobility grouping on.  Total pages: 1032057
[    0.000000] Policy zone: Normal
[    0.000000] Kernel command line: BOOT_IMAGE=/boot/vmlinuz-4.15.0-212-generic root=LABEL=cloudimg-rootfs ro console=tty1 console=ttyS0
[    0.000000] Memory: 4013252K/4193848K available (12300K kernel code, 2477K rwdata, 4324K rodata, 2480K init, 2720K bss, 180596K reserved, 0K cma-reserved)
[    0.000000] SLUB: HWalign=64, Order=0-3, MinObjects=0, CPUs=2, Nodes=1
[    0.000000] Kernel/User page tables isolation: enabled
[    0.000000] ftrace: allocating 39508 entries in 155 pages
[    0.004000] Hierarchical RCU implementation.
[    0.004000] 	RCU restricting CPUs from NR_CPUS=8192 to nr_cpu_ids=2.
[    0.004000] 	Tasks RCU enabled.
[    0.004000] RCU: Adjusting geometry for rcu_fanout_leaf=16, nr_cpu_ids=2
[    0.004000] NR_IRQS: 524544, nr_irqs: 440, preallocated irqs: 16
[    0.004000] random: crng init done
[    0.004000] Console: colour VGA+ 80x25
[    0.004000] console [tty1] enabled
[    0.004000] console [ttyS0] enabled
[    0.004000] ACPI: Core revision 20170831
[    0.004000] ACPI: 2 ACPI AML tables successfully acquired and loaded
[    0.004000] APIC: Switch to symmetric I/O mode setup
[    0.004000] x2apic enabled
[    0.004009] Switched APIC routing to physical x2apic.
[    0.007879] ..TIMER: vector=0x30 apic1=0 pin1=2 apic2=-1 pin2=-1
[    0.008007] tsc: Detected 2399.998 MHz processor
[    0.012014] Calibrating delay loop (skipped) preset value.. 4799.99 BogoMIPS (lpj=9599992)
[    0.015177] pid_max: default: 32768 minimum: 301
[    0.016048] Security Framework initialized
[    0.017543] Yama: becoming mindful.
[    0.020039] AppArmor: AppArmor initialized
[    0.025755] Dentry cache hash table entries: 524288 (order: 10, 4194304 bytes)
[    0.029195] Inode-cache hash table entries: 262144 (order: 9, 2097152 bytes)
[    0.032032] Mount-cache hash table entries: 8192 (order: 4, 65536 bytes)
[    0.036029] Mountpoint-cache hash table entries: 8192 (order: 4, 65536 bytes)
[    0.040362] Last level iTLB entries: 4KB 64, 2MB 8, 4MB 8
[    0.043129] Last level dTLB entries: 4KB 64, 2MB 0, 4MB 0, 1GB 4
[    0.044007] Spectre V1 : Mitigation: usercopy/swapgs barriers and __user pointer sanitization
[    0.048003] Spectre V2 : Mitigation: Retpolines
[    0.049584] Spectre V2 : Spectre v2 / SpectreRSB mitigation: Filling RSB on context switch
[    0.052003] Spectre V2 : Spectre v2 / SpectreRSB : Filling RSB on VMEXIT
[    0.056004] RETBleed: WARNING: Spectre v2 mitigation leaves CPU vulnerable to RETBleed attacks, data leaks possible!
[    0.059596] RETBleed: Vulnerable
[    0.060002] Speculative Store Bypass: Vulnerable
[    0.061774] MDS: Mitigation: Clear CPU buffers
[    0.064004] MMIO Stale Data: Mitigation: Clear CPU buffers
[    0.066132] SRBDS: Unknown: Dependent on hypervisor status
[    0.068307] Freeing SMP alternatives memory: 36K
[    0.181317] smpboot: CPU0: Intel(R) Core(TM) i5-6200U CPU @ 2.30GHz (family: 0x6, model: 0x4e, stepping: 0x3)
[    0.184000] Performance Events: unsupported p6 CPU model 78 no PMU driver, software events only.
[    0.184164] Hierarchical SRCU implementation.
[    0.189079] NMI watchdog: Perf event create on CPU 0 failed with -2
[    0.192008] NMI watchdog: Perf NMI watchdog permanently disabled
[    0.196118] smp: Bringing up secondary CPUs ...
[    0.202107] x86: Booting SMP configuration:
[    0.204010] .... node  #0, CPUs:      #1
[    0.004000] kvm-clock: cpu 1, msr 1:1ff50041, secondary cpu clock
[    0.214677] smp: Brought up 1 node, 2 CPUs
[    0.216057] smpboot: Max logical packages: 1
[    0.220019] smpboot: Total of 2 processors activated (9599.99 BogoMIPS)
[    0.224568] devtmpfs: initialized
[    0.225712] x86/mm: Memory block size: 128MB
[    0.228742] evm: security.selinux
[    0.232012] evm: security.SMACK64
[    0.236016] evm: security.SMACK64EXEC
[    0.238757] evm: security.SMACK64TRANSMUTE
[    0.240006] evm: security.SMACK64MMAP
[    0.241177] evm: security.apparmor
[    0.244002] evm: security.ima
[    0.245998] evm: security.capability
[    0.248147] clocksource: jiffies: mask: 0xffffffff max_cycles: 0xffffffff, max_idle_ns: 7645041785100000 ns
[    0.251170] futex hash table entries: 512 (order: 3, 32768 bytes)
[    0.252068] pinctrl core: initialized pinctrl subsystem
[    0.253862] RTC time: 21:40:52, date: 06/25/24
[    0.256473] NET: Registered protocol family 16
[    0.258063] audit: initializing netlink subsys (disabled)
[    0.260083] audit: type=2000 audit(1719351658.328:1): state=initialized audit_enabled=0 res=1
[    0.264054] cpuidle: using governor ladder
[    0.268033] cpuidle: using governor menu
[    0.272058] ACPI: bus type PCI registered
[    0.273860] acpiphp: ACPI Hot Plug PCI Controller Driver version: 0.5
[    0.276132] PCI: Using configuration type 1 for base access
[    0.280860] HugeTLB registered 2.00 MiB page size, pre-allocated 0 pages
[    0.284092] ACPI: Added _OSI(Module Device)
[    0.285740] ACPI: Added _OSI(Processor Device)
[    0.288018] ACPI: Added _OSI(3.0 _SCP Extensions)
[    0.290424] ACPI: Added _OSI(Processor Aggregator Device)
[    0.292019] ACPI: Added _OSI(Linux-Dell-Video)
[    0.296006] ACPI: Added _OSI(Linux-Lenovo-NV-HDMI-Audio)
[    0.298854] ACPI: Added _OSI(Linux-HPI-Hybrid-Graphics)
[    0.300369] ACPI: Executed 1 blocks of module-level executable AML code
[    0.310220] ACPI: Interpreter enabled
[    0.311608] ACPI: (supports S0 S5)
[    0.312007] ACPI: Using IOAPIC for interrupt routing
[    0.316526] PCI: Using host bridge windows from ACPI; if necessary, use "pci=nocrs" and report a bug
[    0.320329] ACPI: Enabled 2 GPEs in block 00 to 07
[    0.332304] ACPI: PCI Root Bridge [PCI0] (domain 0000 [bus 00-ff])
[    0.334481] acpi PNP0A03:00: _OSC: OS supports [ASPM ClockPM Segments MSI]
[    0.336859] acpi PNP0A03:00: _OSC: not requesting OS control; OS requires [ExtendedConfig ASPM ClockPM MSI]
[    0.340025] acpi PNP0A03:00: fail to add MMCONFIG information, can't access extended PCI configuration space under this bridge.
[    0.344569] PCI host bridge to bus 0000:00
[    0.348009] pci_bus 0000:00: root bus resource [io  0x0000-0x0cf7 window]
[    0.352005] pci_bus 0000:00: root bus resource [io  0x0d00-0xffff window]
[    0.354396] pci_bus 0000:00: root bus resource [mem 0x000a0000-0x000bffff window]
[    0.356005] pci_bus 0000:00: root bus resource [mem 0xe0000000-0xfdffffff window]
[    0.358709] pci_bus 0000:00: root bus resource [bus 00-ff]
[    0.364380] pci 0000:00:01.1: legacy IDE quirk: reg 0x10: [io  0x01f0-0x01f7]
[    0.366872] pci 0000:00:01.1: legacy IDE quirk: reg 0x14: [io  0x03f6]
[    0.368004] pci 0000:00:01.1: legacy IDE quirk: reg 0x18: [io  0x0170-0x0177]
[    0.370563] pci 0000:00:01.1: legacy IDE quirk: reg 0x1c: [io  0x0376]
[    0.422290] pci 0000:00:07.0: quirk: [io  0x4000-0x403f] claimed by PIIX4 ACPI
[    0.424040] pci 0000:00:07.0: quirk: [io  0x4100-0x410f] claimed by PIIX4 SMB
[    0.476552] ACPI: PCI Interrupt Link [LNKA] (IRQs 5 9 10 *11)
[    0.484113] ACPI: PCI Interrupt Link [LNKB] (IRQs 5 9 *10 11)
[    0.486464] ACPI: PCI Interrupt Link [LNKC] (IRQs 5 *9 10 11)
[    0.488256] ACPI: PCI Interrupt Link [LNKD] (IRQs 5 9 10 *11)
[    0.492697] SCSI subsystem initialized
[    0.496628] pci 0000:00:02.0: vgaarb: setting as boot VGA device
[    0.500000] pci 0000:00:02.0: vgaarb: VGA device added: decodes=io+mem,owns=io+mem,locks=none
[    0.500012] pci 0000:00:02.0: vgaarb: bridge control possible
[    0.504005] vgaarb: loaded
[    0.506321] ACPI: bus type USB registered
[    0.508042] usbcore: registered new interface driver usbfs
[    0.512030] usbcore: registered new interface driver hub
[    0.516024] usbcore: registered new device driver usb
[    0.520100] EDAC MC: Ver: 3.0.0
[    0.524046] PCI: Using ACPI for IRQ routing
[    0.527190] NetLabel: Initializing
[    0.528007] NetLabel:  domain hash size = 128
[    0.532007] NetLabel:  protocols = UNLABELED CIPSOv4 CALIPSO
[    0.536059] NetLabel:  unlabeled traffic allowed by default
[    0.542506] clocksource: Switched to clocksource kvm-clock
[    0.568483] VFS: Disk quotas dquot_6.6.0
[    0.572285] VFS: Dquot-cache hash table entries: 512 (order 0, 4096 bytes)
[    0.575022] AppArmor: AppArmor Filesystem Enabled
[    0.577800] pnp: PnP ACPI init
[    0.581526] pnp: PnP ACPI: found 3 devices
[    0.596016] clocksource: acpi_pm: mask: 0xffffff max_cycles: 0xffffff, max_idle_ns: 2085701024 ns
[    0.599175] NET: Registered protocol family 2
[    0.601111] IP idents hash table entries: 65536 (order: 7, 524288 bytes)
[    0.604095] TCP established hash table entries: 32768 (order: 6, 262144 bytes)
[    0.606668] TCP bind hash table entries: 32768 (order: 7, 524288 bytes)
[    0.609777] TCP: Hash tables configured (established 32768 bind 32768)
[    0.611902] UDP hash table entries: 2048 (order: 4, 65536 bytes)
[    0.613984] UDP-Lite hash table entries: 2048 (order: 4, 65536 bytes)
[    0.616136] NET: Registered protocol family 1
[    0.617727] pci 0000:00:00.0: Limiting direct PCI/PCI transfers
[    0.619696] pci 0000:00:01.0: Activating ISA DMA hang workarounds
[    0.621856] pci 0000:00:02.0: Video device with shadowed ROM at [mem 0x000c0000-0x000dffff]
[    0.624851] Unpacking initramfs...
[    0.989847] Freeing initrd memory: 19528K
[    0.992519] PCI-DMA: Using software bounce buffering for IO (SWIOTLB)
[    0.994932] software IO TLB: mapped [mem 0xdbff0000-0xdfff0000] (64MB)
[    0.997256] clocksource: tsc: mask: 0xffffffffffffffff max_cycles: 0x229835b7123, max_idle_ns: 440795242976 ns
[    1.003702] platform rtc_cmos: registered platform RTC device (no PNP device found)
[    1.008782] Scanning for low memory corruption every 60 seconds
[    1.011892] Initialise system trusted keyrings
[    1.013503] Key type blacklist registered
[    1.014925] workingset: timestamp_bits=36 max_order=20 bucket_order=0
[    1.020191] zbud: loaded
[    1.022027] squashfs: version 4.0 (2009/01/31) Phillip Lougher
[    1.024361] fuse init (API version 7.26)
[    1.028055] Key type asymmetric registered
[    1.029493] Asymmetric key parser 'x509' registered
[    1.031149] Block layer SCSI generic (bsg) driver version 0.4 loaded (major 246)
[    1.033872] io scheduler noop registered
[    1.035138] io scheduler deadline registered
[    1.036612] io scheduler cfq registered (default)
[    1.038702] ACPI: AC Adapter [AC] (off-line)
[    1.040324] input: Power Button as /devices/LNXSYSTM:00/LNXPWRBN:00/input/input0
[    1.042936] ACPI: Power Button [PWRF]
[    1.044262] input: Sleep Button as /devices/LNXSYSTM:00/LNXSLPBN:00/input/input1
[    1.049101] ACPI: Sleep Button [SLPF]
[    1.052029] ACPI: Battery Slot [BAT0] (battery present)
[    1.054278] Serial: 8250/16550 driver, 32 ports, IRQ sharing enabled
[    1.077245] 00:02: ttyS0 at I/O 0x3f8 (irq = 4, base_baud = 115200) is a 16550A
[    1.081756] Linux agpgart interface v0.103
[    1.085949] loop: module loaded
[    1.088750] scsi host0: ata_piix
[    1.090103] scsi host1: ata_piix
[    1.091734] ata1: PATA max UDMA/33 cmd 0x1f0 ctl 0x3f6 bmdma 0xd000 irq 14
[    1.093784] ata2: PATA max UDMA/33 cmd 0x170 ctl 0x376 bmdma 0xd008 irq 15
[    1.095903] tun: Universal TUN/TAP device driver, 1.6
[    1.097682] PPP generic driver version 2.4.2
[    1.099188] ehci_hcd: USB 2.0 'Enhanced' Host Controller (EHCI) Driver
[    1.101406] ehci-pci: EHCI PCI platform driver
[    1.102956] ehci-platform: EHCI generic platform driver
[    1.104576] ohci_hcd: USB 1.1 'Open' Host Controller (OHCI) Driver
[    1.106511] ohci-pci: OHCI PCI platform driver
[    1.108075] ohci-platform: OHCI generic platform driver
[    1.111718] uhci_hcd: USB Universal Host Controller Interface driver
[    1.114201] i8042: PNP: PS/2 Controller [PNP0303:PS2K,PNP0f03:PS2M] at 0x60,0x64 irq 1,12
[    1.117435] serio: i8042 KBD port at 0x60,0x64 irq 1
[    1.119110] serio: i8042 AUX port at 0x60,0x64 irq 12
[    1.120878] mousedev: PS/2 mouse device common for all mice
[    1.123121] input: AT Translated Set 2 keyboard as /devices/platform/i8042/serio0/input/input2
[    1.126506] rtc_cmos rtc_cmos: rtc core: registered rtc_cmos as rtc0
[    1.128717] rtc_cmos rtc_cmos: alarms up to one day, 114 bytes nvram
[    1.130905] i2c /dev entries driver
[    1.132313] device-mapper: uevent: version 1.0.3
[    1.134091] device-mapper: ioctl: 4.37.0-ioctl (2017-09-20) initialised: dm-devel@redhat.com
[    1.136708] ledtrig-cpu: registered to indicate activity on CPUs
[    1.139432] NET: Registered protocol family 10
[    1.147920] Segment Routing with IPv6
[    1.149577] NET: Registered protocol family 17
[    1.151238] Key type dns_resolver registered
[    1.156939] mce: Using 0 MCE banks
[    1.160206] RAS: Correctable Errors collector initialized.
[    1.162567] sched_clock: Marking stable (1162494084, 0)->(1671927096, -509433012)
[    1.167294] registered taskstats version 1
[    1.170554] Loading compiled-in X.509 certificates
[    1.175776] Loaded X.509 cert 'Build time autogenerated kernel key: b5b26778eaa3ab3a4a6cee031137706e947d12ad'
[    1.180230] Loaded X.509 cert 'Canonical Ltd. Live Patch Signing: 14df34d1a87cf37625abec039ef2bf521249b969'
[    1.184523] Loaded X.509 cert 'Canonical Ltd. Kernel Module Signing: 88f752e560a1e0737e31163a466ad7b70a850c19'
[    1.187916] blacklist: Loading compiled-in revocation X.509 certificates
[    1.190247] Loaded X.509 cert 'Canonical Ltd. Secure Boot Signing: 61482aa2830d0ab2ad5af10b7250da9033ddcef0'
[    1.193620] Loaded X.509 cert 'Canonical Ltd. Secure Boot Signing (2017): 242ade75ac4a15e50d50c84b0d45ff3eae707a03'
[    1.196907] Loaded X.509 cert 'Canonical Ltd. Secure Boot Signing (ESM 2018): 365188c1d374d6b07c3c8f240f8ef722433d6a8b'
[    1.200554] Loaded X.509 cert 'Canonical Ltd. Secure Boot Signing (2019): c0746fd6c5da3ae827864651ad66ae47fe24b3e8'
[    1.203916] Loaded X.509 cert 'Canonical Ltd. Secure Boot Signing (2021 v1): a8d54bbb3825cfb94fa13c9f8a594a195c107b8d'
[    1.207374] Loaded X.509 cert 'Canonical Ltd. Secure Boot Signing (2021 v2): 4cf046892d6fd3c9a5b03f98d845f90851dc6a8c'
[    1.210823] Loaded X.509 cert 'Canonical Ltd. Secure Boot Signing (2021 v3): 100437bb6de6e469b581e61cd66bce3ef4ed53af'
[    1.214316] Loaded X.509 cert 'Canonical Ltd. Secure Boot Signing (Ubuntu Core 2019): c1d57b8f6b743f23ee41f4f7ee292f06eecadfb9'
[    1.218086] zswap: loaded using pool lzo/zbud
[    1.226078] Key type big_key registered
[    1.229337] Key type trusted registered
[    1.233590] Key type encrypted registered
[    1.236133] AppArmor: AppArmor sha1 policy hashing enabled
[    1.238583] ima: No TPM chip found, activating TPM-bypass! (rc=-19)
[    1.242464] ima: Allocated hash algorithm: sha1
[    1.244584] evm: HMAC attrs: 0x1
[    1.246100]   Magic number: 12:241:703
[    1.247656] rtc_cmos rtc_cmos: setting system clock to 2024-06-25 21:40:53 UTC (1719351653)
[    1.251012] BIOS EDD facility v0.16 2004-Jun-25, 0 devices found
[    1.253209] EDD information not available.
[    1.283747] Freeing unused kernel image memory: 2480K
[    1.300122] Write protecting the kernel read-only data: 20480k
[    1.302833] Freeing unused kernel image memory: 2008K
[    1.305193] Freeing unused kernel image memory: 1820K
[    1.321519] x86/mm: Checked W+X mappings: passed, no W+X pages found.
[    1.323732] x86/mm: Checking user space page tables
[    1.338484] x86/mm: Checked W+X mappings: passed, no W+X pages found.
Loading, please wait...
starting version 237
[    1.452188] e1000: Intel(R) PRO/1000 Network Driver - version 7.3.21-k8-NAPI
[    1.456208] e1000: Copyright (c) 1999-2006 Intel Corporation.
[    1.485355] Fusion MPT base driver 3.04.20
[    1.489574] Copyright (c) 1999-2008 LSI Corporation
[    1.521818] AVX2 version of gcm_enc/dec engaged.
[    1.524757] AES CTR mode by8 optimization enabled
[    1.537599] Fusion MPT SPI Host driver 3.04.20
[    1.705850] input: ImExPS/2 Generic Explorer Mouse as /devices/platform/i8042/serio1/input/input4
[    2.033729] e1000 0000:00:03.0 eth0: (PCI:33MHz:32-bit) 02:3b:7b:b7:3b:2d
[    2.035889] e1000 0000:00:03.0 eth0: Intel(R) PRO/1000 Network Connection
[    2.039362] mptbase: ioc0: Initiating bringup
[    2.396675] ioc0: LSI53C1030 A0: Capabilities={Initiator}
[    8.408955] scsi host2: ioc0: LSI53C1030 A0, FwRev=00000000h, Ports=1, MaxQ=256, IRQ=20
[   12.476971] scsi 2:0:0:0: Direct-Access     VBOX     HARDDISK         1.0  PQ: 0 ANSI: 5
[   12.508140] scsi target2:0:0: Beginning Domain Validation
[   12.511685] scsi target2:0:0: Domain Validation skipping write tests
[   12.513755] scsi target2:0:0: Ending Domain Validation
[   12.515584] scsi target2:0:0: asynchronous
[   12.517652] scsi 2:0:1:0: Direct-Access     VBOX     HARDDISK         1.0  PQ: 0 ANSI: 5
[   12.848189] scsi target2:0:1: Beginning Domain Validation
[   12.851868] scsi target2:0:1: Domain Validation skipping write tests
[   12.854074] scsi target2:0:1: Ending Domain Validation
[   12.855767] scsi target2:0:1: asynchronous
[   12.863249] sd 2:0:0:0: Attached scsi generic sg0 type 0
[   12.863357] sd 2:0:0:0: [sda] 83886080 512-byte logical blocks: (42.9 GB/40.0 GiB)
[   12.865709] sd 2:0:1:0: Attached scsi generic sg1 type 0
[   12.867311] sd 2:0:0:0: [sda] Write Protect is off
[   12.870523] sd 2:0:0:0: [sda] Incomplete mode parameter data
[   12.870539] sd 2:0:1:0: [sdb] 20480 512-byte logical blocks: (10.5 MB/10.0 MiB)
[   12.872291] sd 2:0:0:0: [sda] Assuming drive cache: write through
[   12.879794] sd 2:0:1:0: [sdb] Write Protect is off
[   12.882863] sd 2:0:1:0: [sdb] Incomplete mode parameter data
[   12.886225] sd 2:0:1:0: [sdb] Assuming drive cache: write through
[   12.890438] e1000 0000:00:08.0 eth1: (PCI:33MHz:32-bit) 08:00:27:7c:f0:97
[   12.892592] e1000 0000:00:08.0 eth1: Intel(R) PRO/1000 Network Connection
[   12.919444]  sda: sda1
[   12.922588] sd 2:0:0:0: [sda] Attached SCSI disk
[   12.945183] sd 2:0:1:0: [sdb] Attached SCSI disk
[   12.948029] e1000 0000:00:03.0 enp0s3: renamed from eth0
[   12.978469] e1000 0000:00:08.0 enp0s8: renamed from eth1
Begin: Loading essential drivers ... [   15.104099] raid6: sse2x1   gen()  8474 MB/s
[   15.152088] raid6: sse2x1   xor()  6180 MB/s
[   15.200115] raid6: sse2x2   gen() 10390 MB/s
[   15.248109] raid6: sse2x2   xor()  6889 MB/s
[   15.296068] raid6: sse2x4   gen() 12163 MB/s
[   15.344114] raid6: sse2x4   xor()  7370 MB/s
[   15.392111] raid6: avx2x1   gen() 15710 MB/s
[   15.440125] raid6: avx2x1   xor()  8878 MB/s
[   15.488089] raid6: avx2x2   gen() 17523 MB/s
[   15.536094] raid6: avx2x2   xor() 11562 MB/s
[   15.584100] raid6: avx2x4   gen() 22960 MB/s
[   15.632089] raid6: avx2x4   xor() 14554 MB/s
[   15.633495] raid6: using algorithm avx2x4 gen() 22960 MB/s
[   15.635253] raid6: .... xor() 14554 MB/s, rmw enabled
[   15.636963] raid6: using avx2x2 recovery algorithm
[   15.640562] xor: automatically using best checksumming function   avx       
[   15.645326] async_tx: api initialized (async)
done.
Begin: Running /scripts/init-premount ... done.
Begin: Mounting root file system ... Begin: Running /scripts/local-top ... done.
Begin: Running /scripts/local-premount ... [   15.713134] Btrfs loaded, crc32c=crc32c-intel
Scanning for Btrfs filesystems
done.
Warning: fsck not present, so skipping root file system
[   16.053478] EXT4-fs (sda1): INFO: recovery required on readonly filesystem
[   16.055616] EXT4-fs (sda1): write access will be enabled during recovery
[   18.262252] EXT4-fs (sda1): recovery complete
[   18.266081] EXT4-fs (sda1): mounted filesystem with ordered data mode. Opts: (null)
done.
Begin: Running /scripts/local-bottom ... done.
Begin: Running /scripts/init-bottom ... done.
[   18.652245] ip_tables: (C) 2000-2006 Netfilter Core Team
[   18.675860] systemd[1]: systemd 237 running in system mode. (+PAM +AUDIT +SELINUX +IMA +APPARMOR +SMACK +SYSVINIT +UTMP +LIBCRYPTSETUP +GCRYPT +GNUTLS +ACL +XZ +LZ4 +SECCOMP +BLKID +ELFUTILS +KMOD -IDN2 +IDN -PCRE2 default-hierarchy=hybrid)
[   18.688511] systemd[1]: Detected virtualization oracle.
[   18.692334] systemd[1]: Detected architecture x86-64.

Welcome to [1mUbuntu 18.04.6 LTS[0m!

[   18.709955] systemd[1]: Set hostname to <minikube>.
[   19.230285] systemd[1]: Reached target Swap.
[[0;32m  OK  [0m] Reached target Swap.
[   19.236973] systemd[1]: Started Forward Password Requests to Wall Directory Watch.
[[0;32m  OK  [0m] Started Forward Password Requests to Wall Directory Watch.
[   19.246641] systemd[1]: Created slice User and Session Slice.
[[0;32m  OK  [0m] Created slice User and Session Slice.
[   19.255106] systemd[1]: Reached target Mounting snaps.
[[0;32m  OK  [0m] Reached target Mounting snaps.
[   19.265066] systemd[1]: Reached target User and Group Name Lookups.
[[0;32m  OK  [0m] Reached target User and Group Name Lookups.
[   19.272589] systemd[1]: Reached target System Time Synchronized.
[[0;32m  OK  [0m] Reached target System Time Synchronized.
[[0;32m  OK  [0m] Created slice System Slice.
[[0;32m  OK  [0m] Created slice system-serial\x2dgetty.slice.
[[0;32m  OK  [0m] Listening on udev Kernel Socket.
[[0;32m  OK  [0m] Listening on Journal Audit Socket.
[[0;32m  OK  [0m] Listening on Device-mapper event daemon FIFOs.
[[0;32m  OK  [0m] Listening on Network Service Netlink Socket.
[[0;32m  OK  [0m] Listening on Journal Socket (/dev/log).
[[0;32m  OK  [0m] Reached target Slices.
[[0;32m  OK  [0m] Listening on LVM2 metadata daemon socket.
[[0;32m  OK  [0m] Listening on LVM2 poll daemon socket.
[[0;32m  OK  [0m] Listening on Syslog Socket.
[[0;32m  OK  [0m] Listening on Journal Socket.
         Starting Uncomplicated firewall...
         Starting Create list of required stâ€¦ce nodes for the current kernel...
         Mounting Kernel Debug File System...
         Starting Journal Service...
         Starting Load Kernel Modules...
[[0;32m  OK  [0m] Listening on fsck to fsckd communication Socket.
         Starting File System Check on Root Device...
[[0;32m  OK  [0m] Listening on /dev/initctl Compatibility Named Pipe.
         Mounting Huge Pages File System...
         Starting Monitoring of LVM2 mirrorsâ€¦ng dmeventd or progress polling...
         Starting Set the console keyboard layout...
         Mounting POSIX Message Queue File System...
[[0;32m  OK  [0m] Listening on udev Control Socket.
         Starting udev Coldplug all Devices...
[[0;32m  OK  [0m] Set up automount Arbitrary Executabâ€¦rmats File System Automount Point.
[   19.448600] Loading iSCSI transport class v2.0-870.
[[0;32m  OK  [0m] Started Uncomplicated firewall.
[[0;32m  OK  [0m] Started Create list of required staâ€¦vice nodes for the current kernel.
[[0;32m  OK  [0m] Mounted Kernel Debug File System.
[[0;32m  OK  [0m] Mounted Huge Pages File System.
[[0;32m  OK  [0m] Started Journal Service.
[[0;32m  OK  [0m] Mounted POSIX Message Queue File System.
[[0;32m  OK  [0m] Started File System Check Daemon to report status.
         Starting Create Static Device Nodes in /dev...
[[0;32m  OK  [0m] Started File System Check on Root Device.
         Starting Remount Root and Kernel File Systems...
[   19.547667] iscsi: registered transport (tcp)
[[0;32m  OK  [0m] Started udev Coldplug all Devices.
[[0;32m  OK  [0m] Started LVM2 metadata daemon.
[[0;32m  OK  [0m] Started Create Static Device Nodes in /dev.
[   19.692886] EXT4-fs (sda1): re-mounted. Opts: (null)
[[0;32m  OK  [0m] Started Remount Root and Kernel File Systems.
         Starting Flush Journal to Persistent Storage...
[   19.728603] iscsi: registered transport (iser)
         Starting udev Kernel Device Manager...
         Starting Load/Save Random Seed...
[[0;32m  OK  [0m] Started Load Kernel Modules.
[[0;32m  OK  [0m] Started Monitoring of LVM2 mirrors,â€¦sing dmeventd or progress polling.
         Mounting FUSE Control File System...
         Mounting Kernel Configuration File System...
         Starting Apply Kernel Variables...
[[0;32m  OK  [0m] Mounted FUSE Control File System.
[[0;32m  OK  [0m] Mounted Kernel Configuration File System.
[   19.849074] systemd-journald[397]: Received request to flush runtime journal from PID 1
[[0;32m  OK  [0m] Started udev Kernel Device Manager.
[[0;32m  OK  [0m] Started Load/Save Random Seed.
[[0;32m  OK  [0m] Started Apply Kernel Variables.
[[0;32m  OK  [0m] Started Set the console keyboard layout.
[[0;32m  OK  [0m] Started Dispatch Password Requests to Console Directory Watch.
[[0;32m  OK  [0m] Reached target Local Encrypted Volumes.
[[0;32m  OK  [0m] Reached target Local File Systems (Pre).
         Mounting Mount unit for kubectl, revision 3281...
         Mounting Mount unit for core20, revision 2318...
         Mounting Mount unit for snapd, revision 21759...
[[0;32m  OK  [0m] Started Flush Journal to Persistent Storage.
[[0;32m  OK  [0m] Mounted Mount unit for core20, revision 2318.
[[0;32m  OK  [0m] Mounted Mount unit for kubectl, revision 3281.
[[0;32m  OK  [0m] Mounted Mount unit for snapd, revision 21759.
[[0;32m  OK  [0m] Reached target Mounted snaps.
[[0;32m  OK  [0m] Reached target Local File Systems.
         Starting Set console font and keymap...
         Starting Create Volatile Files and Directories...
         Starting AppArmor initialization...
         Starting ebtables ruleset management...
         Starting Tell Plymouth To Write Out Runtime Data...
[[0;32m  OK  [0m] Started Tell Plymouth To Write Out Runtime Data.
[[0;32m  OK  [0m] Started Set console font and keymap.
[[0;32m  OK  [0m] Started Create Volatile Files and Directories.
         Starting Update UTMP about System Boot/Shutdown...
[[0;32m  OK  [0m] Started Update UTMP about System Boot/Shutdown.
[[0;32m  OK  [0m] Started ebtables ruleset management.
[[0;32m  OK  [0m] Found device /dev/ttyS0.
[[0;32m  OK  [0m] Listening on Load/Save RF Kill Switch Status /dev/rfkill Watch.
[[0;32m  OK  [0m] Started AppArmor initialization.
         Starting Load AppArmor profiles managed internally by snapd...
         Starting Initial cloud-init job (pre-networking)...
         Mounting Arbitrary Executable File Formats File System...
[[0;32m  OK  [0m] Mounted Arbitrary Executable File Formats File System.
[[0;32m  OK  [0m] Started Load AppArmor profiles managed internally by snapd.
[   26.304705] cloud-init[598]: Cloud-init v. 23.1.2-0ubuntu0~18.04.1 running 'init-local' at Tue, 25 Jun 2024 21:41:18 +0000. Up 25.89 seconds.
[[0;32m  OK  [0m] Started Initial cloud-init job (pre-networking).
[[0;32m  OK  [0m] Reached target Network (Pre).
         Starting Network Service...
[[0;32m  OK  [0m] Started Network Service.
         Starting Network Name Resolution...
         Starting Wait for Network to be Configured...
[[0;32m  OK  [0m] Started Network Name Resolution.
[[0;32m  OK  [0m] Reached target Network.
[[0;32m  OK  [0m] Reached target Host and Network Name Lookups.
[[0;32m  OK  [0m] Started Wait for Network to be Configured.
         Starting Initial cloud-init job (metadata service crawler)...
[   30.045992] cloud-init[723]: Cloud-init v. 23.1.2-0ubuntu0~18.04.1 running 'init' at Tue, 25 Jun 2024 21:41:21 +0000. Up 29.41 seconds.
[   30.063405] cloud-init[723]: ci-info: ++++++++++++++++++++++++++++++++++++++Net device info+++++++++++++++++++++++++++++++++++++++
[   30.072721] cloud-init[723]: ci-info: +--------+------+-----------------------------+---------------+--------+-------------------+
[   30.082733] cloud-init[723]: ci-info: | Device |  Up  |           Address           |      Mask     | Scope  |     Hw-Address    |
[   30.094237] cloud-init[723]: ci-info: +--------+------+-----------------------------+---------------+--------+-------------------+
[   30.103572] cloud-init[723]: ci-info: | enp0s3 | True |          10.0.2.15          | 255.255.255.0 | global | 02:3b:7b:b7:3b:2d |
[   30.112389] cloud-init[723]: ci-info: | enp0s3 | True |  fe80::3b:7bff:feb7:3b2d/64 |       .       |  link  | 02:3b:7b:b7:3b:2d |
[   30.131093] cloud-init[723]: ci-info: | enp0s8 | True |        192.168.56.11        | 255.255.255.0 | global | 08:00:27:7c:f0:97 |
[   30.140329] cloud-init[723]: ci-info: | enp0s8 | True | fe80::a00:27ff:fe7c:f097/64 |       .       |  link  | 08:00:27:7c:f0:97 |
[   30.162775] cloud-init[723]: ci-info: |   lo   | True |          127.0.0.1          |   255.0.0.0   |  host  |         .         |
[   30.189843] cloud-init[723]: ci-info: |   lo   | True |           ::1/128           |       .       |  host  |         .         |
[   30.208332] cloud-init[723]: ci-info: +--------+------+-----------------------------+---------------+--------+-------------------+
[   30.226900] cloud-init[723]: ci-info: +++++++++++++++++++++++++++++Route IPv4 info+++++++++++++++++++++++++++++
[   30.252313] cloud-init[723]: ci-info: +-------+--------------+----------+-----------------+-----------+-------+
[   30.268417] cloud-init[723]: ci-info: | Route | Destination  | Gateway  |     Genmask     | Interface | Flags |
[   30.282310] cloud-init[723]: ci-info: +-------+--------------+----------+-----------------+-----------+-------+
[   30.295692] cloud-init[723]: ci-info: |   0   |   0.0.0.0    | 10.0.2.2 |     0.0.0.0     |   enp0s3  |   UG  |
[   30.308838] cloud-init[723]: ci-info: |   1   |   10.0.2.0   | 0.0.0.0  |  255.255.255.0  |   enp0s3  |   U   |
[   30.322684] cloud-init[723]: ci-info: |   2   |   10.0.2.2   | 0.0.0.0  | 255.255.255.255 |   enp0s3  |   UH  |
[   30.337892] cloud-init[723]: ci-info: |   3   | 192.168.56.0 | 0.0.0.0  |  255.255.255.0  |   enp0s8  |   U   |
[   30.350591] cloud-init[723]: ci-info: +-------+--------------+----------+-----------------+-----------+-------+
[   30.365618] cloud-init[723]: ci-info: +++++++++++++++++++Route IPv6 info+++++++++++++++++++
[   30.377560] cloud-init[723]: ci-info: +-------+-------------+---------+-----------+-------+
[   30.389662] cloud-init[723]: ci-info: | Route | Destination | Gateway | Interface | Flags |
[   30.402263] cloud-init[723]: ci-info: +-------+-------------+---------+-----------+-------+
[   30.410393] cloud-init[723]: ci-info: |   1   |  fe80::/64  |    ::   |   enp0s3  |   U   |
[   30.416477] cloud-init[723]: ci-info: |   2   |  fe80::/64  |    ::   |   enp0s8  |   U   |
[   30.429607] cloud-init[723]: ci-info: |   4   |    local    |    ::   |   enp0s3  |   U   |
[   30.436999] cloud-init[723]: ci-info: |   5   |    local    |    ::   |   enp0s8  |   U   |
[   30.445424] cloud-init[723]: ci-info: |   6   |   ff00::/8  |    ::   |   enp0s3  |   U   |
[   30.453174] cloud-init[723]: ci-info: |   7   |   ff00::/8  |    ::   |   enp0s8  |   U   |
[   30.464828] cloud-init[723]: ci-info: +-------+-------------+---------+-----------+-------+
[[0;32m  OK  [0m] Started Initial cloud-init job (metadata service crawler).
[[0;32m  OK  [0m] Reached target Cloud-config availability.
[[0;32m  OK  [0m] Reached target Network is Online.
[[0;32m  OK  [0m] Reached target Remote File Systems (Pre).
         Mounting /vagrant...
         Starting Availability of block devices...
[[0;32m  OK  [0m] Reached target System Initialization.
[[0;32m  OK  [0m] Started ACPI Events Check.
[[0;32m  OK  [0m] Started Discard unused blocks once a week.
[[0;32m  OK  [0m] Listening on UUID daemon activation socket.
[[0;32m  OK  [0m] Listening on Open-iSCSI iscsid Socket.
[[0;32m  OK  [0m] Listening on ACPID Listen Socket.
[[0;32m  OK  [0m] Listening on D-Bus System Message Bus Socket.
[[0;32m  OK  [0m] Reached target Paths.
[[0;32m  OK  [0m] Listening on cloud-init hotplug hook socket.
[[0;32m  OK  [0m] Started Daily apt download activities.
[[0;32m  OK  [0m] Started Ubuntu Advantage Timer for running repeated jobs.
[[0;32m  OK  [0m] Started Daily Cleanup of Temporary Directories.
         Starting Docker Socket for the API.
         Starting LXD - unix socket.
[[0;32m  OK  [0m] Started Message of the Day.
         Starting Socket activation for snappy daemon.
[[0;32m  OK  [0m] Started Daily apt upgrade and clean activities.
[[0;32m  OK  [0m] Reached target Timers.
[[0;32m  OK  [0m] Started Availability of block devices.
[[0;32m  OK  [0m] Mounted /vagrant.
[[0;32m  OK  [0m] Listening on Docker Socket for the API.
[[0;32m  OK  [0m] Listening on LXD - unix socket.
[[0;32m  OK  [0m] Listening on Socket activation for snappy daemon.
[[0;32m  OK  [0m] Reached target Sockets.
[[0;32m  OK  [0m] Reached target Basic System.
[[0;32m  OK  [0m] Reached target Login Prompts (Pre).
[[0;32m  OK  [0m] Started FUSE filesystem for LXC.
         Starting LXD - container startup/shutdown...
         Starting Ubuntu FAN network setup...
         Starting OpenBSD Secure Shell server...
         Starting containerd container runtime...
         Starting Login Service...
[[0;32m  OK  [0m] Started Deferred execution scheduler.
[[0;32m  OK  [0m] Started irqbalance daemon.
[[0;32m  OK  [0m] Started D-Bus System Message Bus.
[[0;32m  OK  [0m] Started Login Service.
[[0;32m  OK  [0m] Started Unattended Upgrades Shutdown.
         Starting LSB: Record successful boot for GRUB...
         Starting Dispatcher daemon for systemd-networkd...
         Starting Virtualbox guest utils...
[[0;32m  OK  [0m] Started Regular background program processing daemon.
         Starting Accounts Service...
         Starting Snap Daemon...
         Starting System Logging Service...
[[0;32m  OK  [0m] Reached target Remote File Systems.
         Starting LSB: automatic crash report generation...
         Starting Permit User Sessions...
[[0;32m  OK  [0m] Started LXD - container startup/shutdown.
[[0;32m  OK  [0m] Started System Logging Service.
[[0;32m  OK  [0m] Started Permit User Sessions.
         Starting Terminate Plymouth Boot Screen...
         Starting Hold until boot process finishes up...
[[0;32m  OK  [0m] Started Terminate Plymouth Boot Screen.
[[0;32m  OK  [0m] Started Hold until boot process finishes up.
[[0;32m  OK  [0m] Started OpenBSD Secure Shell server.
[[0;32m  OK  [0m] Started Serial Getty on ttyS0.
         Starting Set console scheme...
[[0;32m  OK  [0m] Started Set console scheme.
[[0;32m  OK  [0m] Created slice system-getty.slice.
[[0;32m  OK  [0m] Started Getty on tty1.
[[0;32m  OK  [0m] Reached target Login Prompts.
[[0;32m  OK  [0m] Started Ubuntu FAN network setup.
[[0;32m  OK  [0m] Started LSB: automatic crash report generation.
         Starting Authorization Manager...
[[0;32m  OK  [0m] Started LSB: Record successful boot for GRUB.
[[0;32m  OK  [0m] Started Authorization Manager.
[[0;32m  OK  [0m] Started Accounts Service.
[[0;32m  OK  [0m] Started Virtualbox guest utils.
[[0;32m  OK  [0m] Created slice User Slice of vagrant.
         Starting User Manager for UID 1000...
[[0;32m  OK  [0m] Started Session 1 of user vagrant.
[[0;32m  OK  [0m] Started Dispatcher daemon for systemd-networkd.
[[0;32m  OK  [0m] Started User Manager for UID 1000.
[[0;32m  OK  [0m] Started containerd container runtime.
         Starting Docker Application Container Engine...

Ubuntu 18.04.6 LTS minikube ttyS0

minikube login: [   40.786189] cloud-init[1466]: Cloud-init v. 23.1.2-0ubuntu0~18.04.1 running 'modules:config' at Tue, 25 Jun 2024 21:41:32 +0000. Up 40.13 seconds.
[   43.783876] cloud-init[1939]: Cloud-init v. 23.1.2-0ubuntu0~18.04.1 running 'modules:final' at Tue, 25 Jun 2024 21:41:35 +0000. Up 43.16 seconds.
[   43.784560] cloud-init[1939]: Cloud-init v. 23.1.2-0ubuntu0~18.04.1 finished at Tue, 25 Jun 2024 21:41:36 +0000. Datasource DataSourceNoCloud [seed=/dev/sdb][dsmode=net].  Up 43.76 seconds
